14:16:54 **** Incremental Build of configuration Debug for project ssd1306-test ****
make -j10 all 
arm-none-eabi-gcc "../Core/Src/main.c" -mcpu=cortex-m4 -std=gnu11 -g3 -DDEBUG -DUSE_HAL_DRIVER -DSTM32F446xx -c -I../Core/Inc -I../Drivers/STM32F4xx_HAL_Driver/Inc -I../Drivers/STM32F4xx_HAL_Driver/Inc/Legacy -I../Drivers/CMSIS/Device/ST/STM32F4xx/Include -I../Drivers/CMSIS/Include -O0 -ffunction-sections -fdata-sections -Wall -fstack-usage -fcyclomatic-complexity -MMD -MP -MF"Core/Src/main.d" -MT"Core/Src/main.o" --specs=nano.specs -mfpu=fpv4-sp-d16 -mfloat-abi=hard -mthumb -o "Core/Src/main.o"
arm-none-eabi-gcc -o "ssd1306-test.elf" @"objects.list"   -mcpu=cortex-m4 -T"/Users/jumpei/Documents/GitHub/Mother_Software/ssd1306-test/STM32F446RETX_FLASH.ld" --specs=nosys.specs -Wl,-Map="ssd1306-test.map" -Wl,--gc-sections -static --specs=nano.specs -mfpu=fpv4-sp-d16 -mfloat-abi=hard -mthumb -Wl,--start-group -lc -lm -Wl,--end-group
Finished building target: ssd1306-test.elf
 
arm-none-eabi-size  ssd1306-test.elf 
arm-none-eabi-objdump -h -S ssd1306-test.elf  > "ssd1306-test.list"
   text	   data	    bss	    dec	    hex	filename
  13820	     20	   2684	  16524	   408c	ssd1306-test.elf
Finished building: default.size.stdout
 
Finished building: ssd1306-test.list
 

14:16:54 Build Finished. 0 errors, 0 warnings. (took 366ms)

